// Jest Snapshot v1, https://goo.gl/fbAQLP

exports[`renders ProductsPage correctly 1`] = `
<div>
  Product
</div>
`;
