// Jest Snapshot v1, https://goo.gl/fbAQLP

exports[`renders Home correctly 1`] = `
<div
  className="sc-gKsewC bBvTIN"
>
  <div
    className="sc-iBPRYJ jYpaRc"
  >
    <a
      className="sc-fubCfw hIQLhz"
      href="/"
      onClick={[Function]}
    >
      <h3>
        THE SHOP
      </h3>
    </a>
    <div
      className="sc-pFZIQ JNXgK"
    >
      <a
        href="/cart"
        onClick={[Function]}
      >
        <svg
          aria-hidden={true}
          className="MuiSvgIcon-root"
          data-testid="shopping-icon"
          focusable="false"
          style={
            Object {
              "color": "black",
            }
          }
          viewBox="0 0 24 24"
        >
          <path
            d="M7 18c-1.1 0-1.99.9-1.99 2S5.9 22 7 22s2-.9 2-2-.9-2-2-2zM1 2v2h2l3.6 7.59-1.35 2.45c-.16.28-.25.61-.25.96 0 1.1.9 2 2 2h12v-2H7.42c-.14 0-.25-.11-.25-.25l.03-.12.9-1.63h7.45c.75 0 1.41-.41 1.75-1.03l3.58-6.49c.08-.14.12-.31.12-.48 0-.55-.45-1-1-1H5.21l-.94-2H1zm16 16c-1.1 0-1.99.9-1.99 2s.89 2 1.99 2 2-.9 2-2-.9-2-2-2z"
          />
        </svg>
      </a>
      <div
        className="sc-jrAGrp gBlpaS badge badge-dark"
      >
        0
      </div>
    </div>
  </div>
  <div
    className="sc-iqHYGH kUloaI"
  >
    <h1>
      Products
    </h1>
    <div />
    <div>
      <div
        className="sc-bdfBwQ pdzVR"
      />
    </div>
  </div>
</div>
`;
